This is XeTeX, Version 3.141592653-2.6-0.999998 (TeX Live 2026) (preloaded format=xelatex)
 restricted \write18 enabled.
entering extended mode
(./enesorhan_resume_tr_duzenlenmis.tex
LaTeX2e <2026-06-01>
L3 programming layer <2026-08-10>
(/Users/Developeng/Library/TinyTeX/texmf-dist/tex/latex/extsizes/extarticle.cls
Document Class: extarticle 1996/10/08 v1.0 Non Standard LaTeX document class
(/Users/Developeng/Library/TinyTeX/texmf-dist/tex/latex/base/size11.clo) (/Users/Developeng/Library/TinyTeX/texmf-dist/tex/latex/base/exscale.sty)) (/Users/Developeng/Library/TinyTeX/texmf-dist/tex/latex/geometry/geometry.sty (/Users/Developeng/Library/TinyTeX/texmf-dist/tex/latex/graphics/keyval.sty) (/Users/Developeng/Library/TinyTeX/texmf-dist/tex/generic/iftex/ifvtex.sty (/Users/Developeng/Library/TinyTeX/texmf-dist/tex/generic/iftex/iftex.sty))) (/Users/Developeng/Library/TinyTeX/texmf-dist/tex/latex/fontspec/fontspec.sty (/Users/Developeng/Library/TinyTeX/texmf-dist/tex/latex/fontspec/fontspec-xetex.sty (/Users/Developeng/Library/TinyTeX/texmf-dist/tex/latex/base/fontenc.sty) (/Users/Developeng/Library/TinyTeX/texmf-dist/tex/latex/fontspec/fontspec.cfg))) (/Users/Developeng/Library/TinyTeX/texmf-dist/tex/generic/babel/babel.sty (/Users/Developeng/Library/TinyTeX/texmf-dist/tex/generic/babel/xebabel.def) (/Users/Developeng/Library/TinyTeX/texmf-dist/tex/generic/babel/locale/tr/babel-turkish.tex) (/Users/Developeng/Library/TinyTeX/texmf-dist/tex/generic/babel-turkish/turkish.ldf)) (/Users/Developeng/Library/TinyTeX/texmf-dist/tex/latex/xcolor/xcolor.sty (/Users/Developeng/Library/TinyTeX/texmf-dist/tex/latex/graphics-cfg/color.cfg) (/Users/Developeng/Library/TinyTeX/texmf-dist/tex/latex/graphics-def/xetex.def) (/Users/Developeng/Library/TinyTeX/texmf-dist/tex/latex/graphics/mathcolor.ltx)) (/Users/Developeng/Library/TinyTeX/texmf-dist/tex/latex/titlesec/titlesec.sty) (/Users/Developeng/Library/TinyTeX/texmf-dist/tex/latex/enumitem/enumitem.sty) (/Users/Developeng/Library/TinyTeX/texmf-dist/tex/latex/tools/array.sty) (/Users/Developeng/Library/TinyTeX/texmf-dist/tex/latex/hyperref/hyperref.sty (/Users/Developeng/Library/TinyTeX/texmf-dist/tex/latex/kvsetkeys/kvsetkeys.sty) (/Users/Developeng/Library/TinyTeX/texmf-dist/tex/generic/kvdefinekeys/kvdefinekeys.sty) (/Users/Developeng/Library/TinyTeX/texmf-dist/tex/generic/pdfescape/pdfescape.sty (/Users/Developeng/Library/TinyTeX/texmf-dist/tex/generic/ltxcmds/ltxcmds.sty) (/Users/Developeng/Library/TinyTeX/texmf-dist/tex/generic/pdftexcmds/pdftexcmds.sty (/Users/Developeng/Library/TinyTeX/texmf-dist/tex/generic/infwarerr/infwarerr.sty))) (/Users/Developeng/Library/TinyTeX/texmf-dist/tex/latex/hycolor/hycolor.sty) (/Users/Developeng/Library/TinyTeX/texmf-dist/tex/latex/hyperref/nameref.sty (/Users/Developeng/Library/TinyTeX/texmf-dist/tex/latex/refcount/refcount.sty) (/Users/Developeng/Library/TinyTeX/texmf-dist/tex/generic/gettitlestring/gettitlestring.sty (/Users/Developeng/Library/TinyTeX/texmf-dist/tex/latex/kvoptions/kvoptions.sty))) (/Users/Developeng/Library/TinyTeX/texmf-dist/tex/latex/etoolbox/etoolbox.sty) (/Users/Developeng/Library/TinyTeX/texmf-dist/tex/generic/stringenc/stringenc.sty) (/Users/Developeng/Library/TinyTeX/texmf-dist/tex/latex/hyperref/pd1enc.def) (/Users/Developeng/Library/TinyTeX/texmf-dist/tex/generic/intcalc/intcalc.sty) (/Users/Developeng/Library/TinyTeX/texmf-dist/tex/latex/hyperref/puenc.def) (/Users/Developeng/Library/TinyTeX/texmf-dist/tex/latex/url/url.sty) (/Users/Developeng/Library/TinyTeX/texmf-dist/tex/generic/bitset/bitset.sty (/Users/Developeng/Library/TinyTeX/texmf-dist/tex/generic/bigintcalc/bigintcalc.sty))) (/Users/Developeng/Library/TinyTeX/texmf-dist/tex/latex/hyperref/hxetex.def (/Users/Developeng/Library/TinyTeX/texmf-dist/tex/latex/rerunfilecheck/rerunfilecheck.sty (/Users/Developeng/Library/TinyTeX/texmf-dist/tex/generic/uniquecounter/uniquecounter.sty))) (/Users/Developeng/Library/TinyTeX/texmf-dist/tex/latex/l3kernel/l3backend-xetex.def) (tmp/pdfs/enesorhan_resume_tr_final.aux)
*geometry* driver: auto-detecting
*geometry* detected driver: xetex
(tmp/pdfs/enesorhan_resume_tr_final.out) (tmp/pdfs/enesorhan_resume_tr_final.out) [1]

LaTeX Font Warning: Font shape `OML/cmm/m/it' in size <10.5> not available
(Font)              size <10.95> substituted on input line 187.


LaTeX Font Warning: Font shape `OMS/cmsy/m/n' in size <10.5> not available
(Font)              size <10.95> substituted on input line 187.


LaTeX Font Warning: Font shape `OMX/cmex/m/n' in size <10.5> not available
(Font)              size <10.95> substituted on input line 187.


LaTeX Font Warning: Font shape `OT1/cmr/m/n' in size <10.5> not available
(Font)              size <10.95> substituted on input line 187.

[2] (tmp/pdfs/enesorhan_resume_tr_final.aux)

LaTeX Font Warning: Size substitutions with differences
(Font)              up to 0.45pt have occurred.

 )
Output written on tmp/pdfs/enesorhan_resume_tr_final.pdf (2 pages).
Transcript written on tmp/pdfs/enesorhan_resume_tr_final.log.
